  Γû▓ Next.js 14.2.35
  - Environments: .env.local, .env

   Creating an optimized production build ...
 Γ£ô Compiled successfully
   Skipping linting
   Checking validity of types ...
